// Jest Snapshot v1, https://goo.gl/fbAQLP

exports[`ProductTitle should display the component correctly with custom title 1`] = `
<span
  className="productDescription custom-class"
>
  Custom Product
</span>
`;

exports[`ProductTitle should display the product name 1`] = `
<div
  className="productCard undefined"
>
  <span
    className="productDescription undefined"
  >
    Coffee-Mug - Without image
  </span>
</div>
`;
